adr init docs madr
docs/0001-record-architecture-decisions.md
adr new The First Decision
docs/0002-the-first-decision.md
cat docs/0002-the-first-decision.md
# *[short title of solved problem and solution]*

| Date | Status |
| -- | -- |
| 1992-01-12 | Accepted |

**User Story:** *[ticket/issue-number]* <!-- optional -->

*[context and problem statement]*
*[decision drivers | forces]* <!-- optional -->

## Considered Alternatives

* *[alternative 1]*
* *[alternative 2]*
* *[alternative 3]*
* *[...]* <!-- numbers of alternatives can vary -->

## Decision Outcome

* Chosen Alternative: *[alternative 1]*
* *[justification. e.g., only alternative, which meets k.o. criterion decision driver | which resolves force force | ... | comes out best (see below)]*
* *[consequences. e.g., negative impact on quality attribute, follow-up decisions required, ...]* <!-- optional -->

## Pros and Cons of the Alternatives <!-- optional -->

### *[alternative 1]*

* `+` *[argument 1 pro]*
* `+` *[argument 2 pro]*
* `-` *[argument 1 con]*
* *[...]* <!-- numbers of pros and cons can vary -->

### *[alternative 2]*

* `+` *[argument 1 pro]*
* `+` *[argument 2 pro]*
* `-` *[argument 1 con]*
* *[...]* <!-- numbers of pros and cons can vary -->

### *[alternative 3]*

* `+` *[argument 1 pro]*
* `+` *[argument 2 pro]*
* `-` *[argument 1 con]*
* *[...]* <!-- numbers of pros and cons can vary -->
