adr init docs madr
docs/0001-record-architecture-decisions.md
adr new An idea that seems good at the time
docs/0002-an-idea-that-seems-good-at-the-time.md
adr new -s 2 A better idea
docs/0003-a-better-idea.md
adr new This will work
docs/0004-this-will-work.md
adr new -s 3 The end
docs/0005-the-end.md
# with default extension in links
adr generate graph
digraph {
  node [shape=plaintext];
  _1 [label="Use Markdown Architectural Decision Records"; URL="0001-record-architecture-decisions.html"]
  _2 [label="*[short title of solved problem and solution]*"; URL="0002-an-idea-that-seems-good-at-the-time.html"]
  _1 -> _2 [style="dotted"];
  _2 -> _3 [label="Superceded by"]
  _3 [label="*[short title of solved problem and solution]*"; URL="0003-a-better-idea.html"]
  _2 -> _3 [style="dotted"];
  _3 -> _2 [label="Supercedes"]
  _3 -> _5 [label="Superceded by"]
  _4 [label="*[short title of solved problem and solution]*"; URL="0004-this-will-work.html"]
  _3 -> _4 [style="dotted"];
  _5 [label="*[short title of solved problem and solution]*"; URL="0005-the-end.html"]
  _4 -> _5 [style="dotted"];
  _5 -> _3 [label="Supercedes"]
}
# with specified extension in links
adr generate graph -e .xxx
digraph {
  node [shape=plaintext];
  _1 [label="Use Markdown Architectural Decision Records"; URL="0001-record-architecture-decisions.xxx"]
  _2 [label="*[short title of solved problem and solution]*"; URL="0002-an-idea-that-seems-good-at-the-time.xxx"]
  _1 -> _2 [style="dotted"];
  _2 -> _3 [label="Superceded by"]
  _3 [label="*[short title of solved problem and solution]*"; URL="0003-a-better-idea.xxx"]
  _2 -> _3 [style="dotted"];
  _3 -> _2 [label="Supercedes"]
  _3 -> _5 [label="Superceded by"]
  _4 [label="*[short title of solved problem and solution]*"; URL="0004-this-will-work.xxx"]
  _3 -> _4 [style="dotted"];
  _5 [label="*[short title of solved problem and solution]*"; URL="0005-the-end.xxx"]
  _4 -> _5 [style="dotted"];
  _5 -> _3 [label="Supercedes"]
}
